// Jest Snapshot v1, https://goo.gl/fbAQLP

exports[`Search snapshot 1`] = `
<div
  className="search"
  style={
    Object {
      "display": undefined,
    }
  }
>
  <div
    className="title-search"
  >
    <h4>
      Your search will be here...
    </h4>
  </div>
  <lottie-player
    autoplay={true}
    background="transparent"
    loop={true}
    speed="0.4"
    src="https://assets2.lottiefiles.com/temp/lf20_LJK4oD.json"
    style={
      Object {
        "height": 300,
        "width": 300,
      }
    }
  />
</div>
`;
